// Jest Snapshot v1, https://goo.gl/fbAQLP

exports[`<CurSld /> match snapshot 1`] = `ShallowWrapper {}`;

exports[`<CurSld /> match snapshot 2`] = `ShallowWrapper {}`;
